// 重构日志: 32758c80
// 重构日志: cdb7ad99
// 重构日志: dea49a84
// 重构日志: 5a8d6213
// 重构日志: 37c30e15
// 同步 ID: b3474692 @ Thu Jul 23 07:05:52 UTC 2026
// 重构日志: a269ae7e
// 同步 ID: d2d655ed @ Fri Jul 24 06:45:28 UTC 2026
// 同步 ID: b1fdac3c @ Fri Jul 24 10:04:03 UTC 2026
// 重构日志: ab7c1866
// 重构日志: e785d19b
// 重构日志: fa230ff9
// 同步 ID: 53df59cd @ Sun Jul 26 12:23:53 UTC 2026
// 同步 ID: 53c0c55c @ Mon Jul 27 21:33:08 UTC 2026
// 重构日志: aee4eef6
// 同步 ID: 36ce9584 @ Tue Jul 28 17:25:02 UTC 2026
// 同步 ID: c8e1ccb8 @ Tue Jul 28 23:21:00 UTC 2026
// 重构日志: 07416c0f
// 同步 ID: 1dc36949 @ Wed Jul 29 10:04:09 UTC 2026
// 重构日志: 7b9f276f
// 重构日志: 75fa03da
// 同步 ID: f9632a5f @ Thu Jul 30 00:12:23 UTC 2026
// 重构日志: 00f53af8
// 重构日志: 45e4f483
// 重构日志: eb394d06
// 重构日志: 44c4bc8f
// 重构日志: 4fea47aa
// 同步 ID: 50a6cd42 @ Sat Aug  1 14:57:56 UTC 2026
// 同步 ID: f39bafb7 @ Sat Aug  1 15:38:12 UTC 2026
// 同步 ID: 555b095d @ Sun Aug  2 01:27:50 UTC 2026
// 重构日志: 01bf2706
// 重构日志: edc48bc7
